Resolving dependencies...
Downloading packages...
  _fe_analyzer_shared 91.0.0 (92.0.0 available)
  analyzer 8.4.0 (9.0.0 available)
  analyzer_plugin 0.13.10 (0.13.11 available)
  characters 1.4.0 (1.4.1 available)
  json_serializable 6.11.2 (6.11.3 available)
  matcher 0.12.17 (0.12.18 available)
  material_color_utilities 0.11.1 (0.13.0 available)
  source_helper 1.3.8 (1.3.9 available)
  test 1.26.3 (1.28.0 available)
  test_api 0.7.7 (0.7.8 available)
  test_core 0.6.12 (0.6.14 available)
Got dependencies!
11 packages have newer versions incompatible with dependency constraints.
Try `flutter pub outdated` for more information.
00:00 +0: loading /Users/hugomatsumoto/Projects/HMLabs/TennisProjects/tennis-tournament/test/widget_test.dart                                                                                          00:01 +0: loading /Users/hugomatsumoto/Projects/HMLabs/TennisProjects/tennis-tournament/test/widget_test.dart                                                                                          00:02 +0: loading /Users/hugomatsumoto/Projects/HMLabs/TennisProjects/tennis-tournament/test/widget_test.dart                                                                                          00:02 +0: App smoke test                                                                                                                                                                               00:03 +0: App smoke test                                                                                                                                                                               00:04 +0: App smoke test                                                                                                                                                                               00:05 +0: App smoke test                                                                                                                                                                               00:05 +0: App smoke test                                                                                                                                                                               
══╡ EXCEPTION CAUGHT BY RENDERING LIBRARY ╞═════════════════════════════════════════════════════════
The following assertion was thrown during layout:
A RenderFlex overflowed by 44 pixels on the right.

The relevant error-causing widget was:
  Row
  Row:file:///Users/hugomatsumoto/Projects/HMLabs/TennisProjects/tennis-tournament/lib/features/home/presentation/widgets/live_tournament_card.dart:63:19

The overflowing RenderFlex has an orientation of Axis.horizontal.
The edge of the RenderFlex that is overflowing has been marked in the rendering with a yellow and
black striped pattern. This is usually caused by the contents being too big for the RenderFlex.
Consider applying a flex factor (e.g. using an Expanded widget) to force the children of the
RenderFlex to fit within the available space instead of being sized to their natural size.
This is considered an error condition because it indicates that there is content that cannot be
seen. If the content is legitimately bigger than the available space, consider clipping it with a
ClipRect widget before putting it in the flex, or using a scrollable container rather than a Flex,
like a ListView.
The specific RenderFlex in question is: RenderFlex#bbccf relayoutBoundary=up3 OVERFLOWING:
  creator: Row ← Column ← Padding ← Column ← Semantics ← DefaultTextStyle ← AnimatedDefaultTextStyle ←
    _InkFeatures-[GlobalKey#75cf7 ink renderer] ← NotificationListener<LayoutChangedNotification> ←
    CustomPaint ← _ShapeBorderPaint ← PhysicalShape ← ⋯
  parentData: offset=Offset(0.0, 28.0); flex=null; fit=null (can use size)
  constraints: BoxConstraints(0.0<=w<=248.0, 0.0<=h<=Infinity)
  size: Size(248.0, 16.0)
  direction: horizontal
  mainAxisAlignment: start
  mainAxisSize: max
  crossAxisAlignment: center
  textDirection: ltr
  verticalDirection: down
  spacing: 0.0
◢◤◢◤◢◤◢◤◢◤◢◤◢◤◢◤◢◤◢◤◢◤◢◤◢◤◢◤◢◤◢◤◢◤◢◤◢◤◢◤◢◤◢◤◢◤◢◤◢◤◢◤◢◤◢◤◢◤◢◤◢◤◢◤◢◤◢◤◢◤◢◤◢◤◢◤◢◤◢◤◢◤◢◤◢◤◢◤◢◤◢◤◢◤◢◤◢◤◢◤
════════════════════════════════════════════════════════════════════════════════════════════════════
══╡ EXCEPTION CAUGHT BY RENDERING LIBRARY ╞═════════════════════════════════════════════════════════
The following assertion was thrown during layout:
A RenderFlex overflowed by 93 pixels on the right.

The relevant error-causing widget was:
  Row
  Row:file:///Users/hugomatsumoto/Projects/HMLabs/TennisProjects/tennis-tournament/lib/features/home/presentation/widgets/live_tournament_card.dart:63:19

The overflowing RenderFlex has an orientation of Axis.horizontal.
The edge of the RenderFlex that is overflowing has been marked in the rendering with a yellow and
black striped pattern. This is usually caused by the contents being too big for the RenderFlex.
Consider applying a flex factor (e.g. using an Expanded widget) to force the children of the
RenderFlex to fit within the available space instead of being sized to their natural size.
This is considered an error condition because it indicates that there is content that cannot be
seen. If the content is legitimately bigger than the available space, consider clipping it with a
ClipRect widget before putting it in the flex, or using a scrollable container rather than a Flex,
like a ListView.
The specific RenderFlex in question is: RenderFlex#823e4 relayoutBoundary=up3 OVERFLOWING:
  creator: Row ← Column ← Padding ← Column ← Semantics ← DefaultTextStyle ← AnimatedDefaultTextStyle ←
    _InkFeatures-[GlobalKey#3506b ink renderer] ← NotificationListener<LayoutChangedNotification> ←
    CustomPaint ← _ShapeBorderPaint ← PhysicalShape ← ⋯
  parentData: offset=Offset(0.0, 28.0); flex=null; fit=null (can use size)
  constraints: BoxConstraints(0.0<=w<=248.0, 0.0<=h<=Infinity)
  size: Size(248.0, 16.0)
  direction: horizontal
  mainAxisAlignment: start
  mainAxisSize: max
  crossAxisAlignment: center
  textDirection: ltr
  verticalDirection: down
  spacing: 0.0
◢◤◢◤◢◤◢◤◢◤◢◤◢◤◢◤◢◤◢◤◢◤◢◤◢◤◢◤◢◤◢◤◢◤◢◤◢◤◢◤◢◤◢◤◢◤◢◤◢◤◢◤◢◤◢◤◢◤◢◤◢◤◢◤◢◤◢◤◢◤◢◤◢◤◢◤◢◤◢◤◢◤◢◤◢◤◢◤◢◤◢◤◢◤◢◤◢◤◢◤
════════════════════════════════════════════════════════════════════════════════════════════════════
══╡ EXCEPTION CAUGHT BY RENDERING LIBRARY ╞═════════════════════════════════════════════════════════
The following assertion was thrown during layout:
A RenderFlex overflowed by 106 pixels on the right.

The relevant error-causing widget was:
  Row
  Row:file:///Users/hugomatsumoto/Projects/HMLabs/TennisProjects/tennis-tournament/lib/features/home/presentation/widgets/live_tournament_card.dart:63:19

The overflowing RenderFlex has an orientation of Axis.horizontal.
The edge of the RenderFlex that is overflowing has been marked in the rendering with a yellow and
black striped pattern. This is usually caused by the contents being too big for the RenderFlex.
Consider applying a flex factor (e.g. using an Expanded widget) to force the children of the
RenderFlex to fit within the available space instead of being sized to their natural size.
This is considered an error condition because it indicates that there is content that cannot be
seen. If the content is legitimately bigger than the available space, consider clipping it with a
ClipRect widget before putting it in the flex, or using a scrollable container rather than a Flex,
like a ListView.
The specific RenderFlex in question is: RenderFlex#d613c relayoutBoundary=up3 OVERFLOWING:
  creator: Row ← Column ← Padding ← Column ← Semantics ← DefaultTextStyle ← AnimatedDefaultTextStyle ←
    _InkFeatures-[GlobalKey#60a4c ink renderer] ← NotificationListener<LayoutChangedNotification> ←
    CustomPaint ← _ShapeBorderPaint ← PhysicalShape ← ⋯
  parentData: offset=Offset(0.0, 28.0); flex=null; fit=null (can use size)
  constraints: BoxConstraints(0.0<=w<=248.0, 0.0<=h<=Infinity)
  size: Size(248.0, 16.0)
  direction: horizontal
  mainAxisAlignment: start
  mainAxisSize: max
  crossAxisAlignment: center
  textDirection: ltr
  verticalDirection: down
  spacing: 0.0
◢◤◢◤◢◤◢◤◢◤◢◤◢◤◢◤◢◤◢◤◢◤◢◤◢◤◢◤◢◤◢◤◢◤◢◤◢◤◢◤◢◤◢◤◢◤◢◤◢◤◢◤◢◤◢◤◢◤◢◤◢◤◢◤◢◤◢◤◢◤◢◤◢◤◢◤◢◤◢◤◢◤◢◤◢◤◢◤◢◤◢◤◢◤◢◤◢◤◢◤
════════════════════════════════════════════════════════════════════════════════════════════════════
══╡ EXCEPTION CAUGHT BY FLUTTER TEST FRAMEWORK ╞════════════════════════════════════════════════════
The following message was thrown:
Multiple exceptions (3) were detected during the running of the current test, and at least one was
unexpected.
════════════════════════════════════════════════════════════════════════════════════════════════════
00:05 +0 -1: App smoke test [E]                                                                                                                                                                        
  Test failed. See exception logs above.
  The test description was: App smoke test
  

To run this test again: /usr/local/share/flutter/bin/cache/dart-sdk/bin/dart test /Users/hugomatsumoto/Projects/HMLabs/TennisProjects/tennis-tournament/test/widget_test.dart -p vm --plain-name 'App smoke test'
00:05 +0 -1: Some tests failed.                                                                                                                                                                        
